// Jest Snapshot v1, https://goo.gl/fbAQLP

exports[`Should render the SortOrder component 1`] = `
<div>
  <label>
    Sort Order: 
    <select>
      <option
        value="↑"
      >
        ↑
      </option>
      <option
        value="↓"
      >
        ↓
      </option>
    </select>
  </label>
</div>
`;
