// Jest Snapshot v1, https://goo.gl/fbAQLP

exports[`Should render the SortBy component 1`] = `
<div>
  <label>
    Sort By: 
    <select>
      <option
        value="pokemon"
      >
        Name
      </option>
      <option
        value="height"
      >
        Height
      </option>
      <option
        value="weight"
      >
        Weight
      </option>
      <option
        value="type"
      >
        Type
      </option>
      <option
        value="attack"
      >
        Attack
      </option>
      <option
        value="defense"
      >
        Defense
      </option>
      <option
        value="hp"
      >
        HP
      </option>
    </select>
  </label>
</div>
`;
